// Jest Snapshot v1, https://goo.gl/fbAQLP

exports[`Testing PickedPlayers component Should render 1`] = `
Object {
  "asFragment": [Function],
  "baseElement": <body>
    <div>
      <div
        class="ComponentBody"
      >
        <div
          class="Most"
        >
          <span
            class="PickedText"
          >
            Most Picked Player
          </span>
          <div
            class="Player"
          >
            <div
              class="OutsideCircle"
            >
              <div
                class="PickCircle"
              >
                <span
                  class="PickInitials"
                >
                  CR
                </span>
              </div>
            </div>
            <span>
              75%
            </span>
          </div>
        </div>
        <div
          class="Middle"
        >
          <div />
        </div>
        <div
          class="Least"
        >
          <span
            class="PickedText"
          >
            Least Picked Player
          </span>
          <div
            class="Player"
          >
            <div
              class="OutsideCircle"
            >
              <div
                class="PickCircle"
              >
                <span
                  class="PickInitials"
                >
                  LM
                </span>
              </div>
            </div>
            <span>
              25%
            </span>
          </div>
        </div>
      </div>
    </div>
  </body>,
  "container": <div>
    <div
      class="ComponentBody"
    >
      <div
        class="Most"
      >
        <span
          class="PickedText"
        >
          Most Picked Player
        </span>
        <div
          class="Player"
        >
          <div
            class="OutsideCircle"
          >
            <div
              class="PickCircle"
            >
              <span
                class="PickInitials"
              >
                CR
              </span>
            </div>
          </div>
          <span>
            75%
          </span>
        </div>
      </div>
      <div
        class="Middle"
      >
        <div />
      </div>
      <div
        class="Least"
      >
        <span
          class="PickedText"
        >
          Least Picked Player
        </span>
        <div
          class="Player"
        >
          <div
            class="OutsideCircle"
          >
            <div
              class="PickCircle"
            >
              <span
                class="PickInitials"
              >
                LM
              </span>
            </div>
          </div>
          <span>
            25%
          </span>
        </div>
      </div>
    </div>
  </div>,
  "debug": [Function],
  "findAllByAltText": [Function],
  "findAllByDisplayValue": [Function],
  "findAllByLabelText": [Function],
  "findAllByPlaceholderText": [Function],
  "findAllByRole": [Function],
  "findAllByTestId": [Function],
  "findAllByText": [Function],
  "findAllByTitle": [Function],
  "findByAltText": [Function],
  "findByDisplayValue": [Function],
  "findByLabelText": [Function],
  "findByPlaceholderText": [Function],
  "findByRole": [Function],
  "findByTestId": [Function],
  "findByText": [Function],
  "findByTitle": [Function],
  "getAllByAltText": [Function],
  "getAllByDisplayValue": [Function],
  "getAllByLabelText": [Function],
  "getAllByPlaceholderText": [Function],
  "getAllByRole": [Function],
  "getAllByTestId": [Function],
  "getAllByText": [Function],
  "getAllByTitle": [Function],
  "getByAltText": [Function],
  "getByDisplayValue": [Function],
  "getByLabelText": [Function],
  "getByPlaceholderText": [Function],
  "getByRole": [Function],
  "getByTestId": [Function],
  "getByText": [Function],
  "getByTitle": [Function],
  "queryAllByAltText": [Function],
  "queryAllByDisplayValue": [Function],
  "queryAllByLabelText": [Function],
  "queryAllByPlaceholderText": [Function],
  "queryAllByRole": [Function],
  "queryAllByTestId": [Function],
  "queryAllByText": [Function],
  "queryAllByTitle": [Function],
  "queryByAltText": [Function],
  "queryByDisplayValue": [Function],
  "queryByLabelText": [Function],
  "queryByPlaceholderText": [Function],
  "queryByRole": [Function],
  "queryByTestId": [Function],
  "queryByText": [Function],
  "queryByTitle": [Function],
  "rerender": [Function],
  "unmount": [Function],
}
`;
