// Jest Snapshot v1, https://goo.gl/fbAQLP

exports[`Testing Top5 component Should render 1`] = `
Object {
  "asFragment": [Function],
  "baseElement": <body>
    <div>
      <div
        class="Top5"
      >
        <div
          class="ComponentHeader"
        >
          Top5
        </div>
        <div
          class="ComponentBody"
        >
          <div
            class="Highest"
          >
            <span>
              Highest avg age
            </span>
            <div
              class="ItemList"
            >
              <table>
                <tr>
                  <div
                    class="Item"
                  >
                    <td>
                      Inter Milan
                    </td>
                    <td>
                      31.9
                    </td>
                  </div>
                </tr>
                <tr>
                  <div
                    class="Item"
                  >
                    <td>
                      Inter Milan
                    </td>
                    <td>
                      31.9
                    </td>
                  </div>
                </tr>
                <tr>
                  <div
                    class="Item"
                  >
                    <td>
                      Inter Milan
                    </td>
                    <td>
                      31.9
                    </td>
                  </div>
                </tr>
                <tr>
                  <div
                    class="Item"
                  >
                    <td>
                      Inter Milan
                    </td>
                    <td>
                      31.9
                    </td>
                  </div>
                </tr>
                <tr>
                  <div
                    class="Item"
                  >
                    <td>
                      Inter Milan
                    </td>
                    <td>
                      31.9
                    </td>
                  </div>
                </tr>
              </table>
            </div>
          </div>
          <div
            class="Lowest"
          >
            <span>
              Lowest avg age
            </span>
            <div
              class="ItemList"
            >
              <table>
                <tr>
                  <div
                    class="Item"
                  >
                    <td>
                      Inter Milan
                    </td>
                    <td>
                      31.9
                    </td>
                  </div>
                </tr>
                <tr>
                  <div
                    class="Item"
                  >
                    <td>
                      Inter Milan
                    </td>
                    <td>
                      31.9
                    </td>
                  </div>
                </tr>
                <tr>
                  <div
                    class="Item"
                  >
                    <td>
                      Inter Milan
                    </td>
                    <td>
                      31.9
                    </td>
                  </div>
                </tr>
                <tr>
                  <div
                    class="Item"
                  >
                    <td>
                      Inter Milan
                    </td>
                    <td>
                      31.9
                    </td>
                  </div>
                </tr>
                <tr>
                  <div
                    class="Item"
                  >
                    <td>
                      Inter Milan
                    </td>
                    <td>
                      31.9
                    </td>
                  </div>
                </tr>
              </table>
            </div>
          </div>
        </div>
      </div>
    </div>
  </body>,
  "container": <div>
    <div
      class="Top5"
    >
      <div
        class="ComponentHeader"
      >
        Top5
      </div>
      <div
        class="ComponentBody"
      >
        <div
          class="Highest"
        >
          <span>
            Highest avg age
          </span>
          <div
            class="ItemList"
          >
            <table>
              <tr>
                <div
                  class="Item"
                >
                  <td>
                    Inter Milan
                  </td>
                  <td>
                    31.9
                  </td>
                </div>
              </tr>
              <tr>
                <div
                  class="Item"
                >
                  <td>
                    Inter Milan
                  </td>
                  <td>
                    31.9
                  </td>
                </div>
              </tr>
              <tr>
                <div
                  class="Item"
                >
                  <td>
                    Inter Milan
                  </td>
                  <td>
                    31.9
                  </td>
                </div>
              </tr>
              <tr>
                <div
                  class="Item"
                >
                  <td>
                    Inter Milan
                  </td>
                  <td>
                    31.9
                  </td>
                </div>
              </tr>
              <tr>
                <div
                  class="Item"
                >
                  <td>
                    Inter Milan
                  </td>
                  <td>
                    31.9
                  </td>
                </div>
              </tr>
            </table>
          </div>
        </div>
        <div
          class="Lowest"
        >
          <span>
            Lowest avg age
          </span>
          <div
            class="ItemList"
          >
            <table>
              <tr>
                <div
                  class="Item"
                >
                  <td>
                    Inter Milan
                  </td>
                  <td>
                    31.9
                  </td>
                </div>
              </tr>
              <tr>
                <div
                  class="Item"
                >
                  <td>
                    Inter Milan
                  </td>
                  <td>
                    31.9
                  </td>
                </div>
              </tr>
              <tr>
                <div
                  class="Item"
                >
                  <td>
                    Inter Milan
                  </td>
                  <td>
                    31.9
                  </td>
                </div>
              </tr>
              <tr>
                <div
                  class="Item"
                >
                  <td>
                    Inter Milan
                  </td>
                  <td>
                    31.9
                  </td>
                </div>
              </tr>
              <tr>
                <div
                  class="Item"
                >
                  <td>
                    Inter Milan
                  </td>
                  <td>
                    31.9
                  </td>
                </div>
              </tr>
            </table>
          </div>
        </div>
      </div>
    </div>
  </div>,
  "debug": [Function],
  "findAllByAltText": [Function],
  "findAllByDisplayValue": [Function],
  "findAllByLabelText": [Function],
  "findAllByPlaceholderText": [Function],
  "findAllByRole": [Function],
  "findAllByTestId": [Function],
  "findAllByText": [Function],
  "findAllByTitle": [Function],
  "findByAltText": [Function],
  "findByDisplayValue": [Function],
  "findByLabelText": [Function],
  "findByPlaceholderText": [Function],
  "findByRole": [Function],
  "findByTestId": [Function],
  "findByText": [Function],
  "findByTitle": [Function],
  "getAllByAltText": [Function],
  "getAllByDisplayValue": [Function],
  "getAllByLabelText": [Function],
  "getAllByPlaceholderText": [Function],
  "getAllByRole": [Function],
  "getAllByTestId": [Function],
  "getAllByText": [Function],
  "getAllByTitle": [Function],
  "getByAltText": [Function],
  "getByDisplayValue": [Function],
  "getByLabelText": [Function],
  "getByPlaceholderText": [Function],
  "getByRole": [Function],
  "getByTestId": [Function],
  "getByText": [Function],
  "getByTitle": [Function],
  "queryAllByAltText": [Function],
  "queryAllByDisplayValue": [Function],
  "queryAllByLabelText": [Function],
  "queryAllByPlaceholderText": [Function],
  "queryAllByRole": [Function],
  "queryAllByTestId": [Function],
  "queryAllByText": [Function],
  "queryAllByTitle": [Function],
  "queryByAltText": [Function],
  "queryByDisplayValue": [Function],
  "queryByLabelText": [Function],
  "queryByPlaceholderText": [Function],
  "queryByRole": [Function],
  "queryByTestId": [Function],
  "queryByText": [Function],
  "queryByTitle": [Function],
  "rerender": [Function],
  "unmount": [Function],
}
`;
